<html>
<body>
<pre>
<h1>µVision Build Log</h1>
<h2>Tool Versions:</h2>
IDE-Version: µVision V5.36.0.0
Copyright (C) 2021 ARM Ltd and ARM Germany GmbH. All rights reserved.
License Information: Gabriel Martines Dos Santos, UTFPR, LIC=----
 
Tool Versions:
Toolchain:       MDK-Lite  Version: 5.36.0.0
Toolchain Path:  C:\Keil_v5\ARM\ARMCC\Bin
C Compiler:      Armcc.exe V5.06 update 7 (build 960)
Assembler:       Armasm.exe V5.06 update 7 (build 960)
Linker/Locator:  ArmLink.exe V5.06 update 7 (build 960)
Library Manager: ArmAr.exe V5.06 update 7 (build 960)
Hex Converter:   FromElf.exe V5.06 update 7 (build 960)
CPU DLL:         SARMCM3.DLL V5.36.0.0
Dialog DLL:      DCM.DLL V1.17.3.0
Target DLL:      lmidk-agdi.dll V???
Dialog DLL:      TCM.DLL V1.53.0.0
 
<h2>Project:</h2>
C:\Users\gabri\Desktop\sistemas microcontrolados\Lab2\exemplo.uvprojx
Project File Date:  10/29/2025

<h2>Output:</h2>
*** Using Compiler 'V5.06 update 7 (build 960)', folder: 'C:\Keil_v5\ARM\ARMCC\Bin'
Build target 'Target 1'
compiling stepper.c...
compiling main.c...
main.c(185): warning:  #177-D: variable "timer"  was declared but never referenced
  	int32_t timer = 100000;
main.c(186): warning:  #177-D: variable "timer_temp"  was declared but never referenced
  	int32_t timer_temp = 0;
main.c(211): warning:  #177-D: variable "timer"  was declared but never referenced
  	int32_t timer = 100000;
main.c(212): warning:  #177-D: variable "timer_temp"  was declared but never referenced
  	int32_t timer_temp = 0;
main.c(332): warning:  #68-D: integer conversion resulted in a change of sign
  			dig = -1;
main.c(349): warning:  #68-D: integer conversion resulted in a change of sign
  			dig = -1;
main.c(366): warning:  #68-D: integer conversion resulted in a change of sign
  			dig = -1;
main.c(374): warning:  #68-D: integer conversion resulted in a change of sign
  			dig = -1;
main.c(383): warning:  #68-D: integer conversion resulted in a change of sign
  			dig = -1;
main.c: 9 warnings, 0 errors
linking...
Program Size: Code=3882 RO-data=38 RW-data=32 ZI-data=1120  
".\Objects\exemplo.axf" - 0 Error(s), 9 Warning(s).

<h2>Software Packages used:</h2>

Package Vendor: Keil
                http://www.keil.com/pack/Keil.TM4C_DFP.1.1.0.pack
                Keil.TM4C_DFP.1.1.0
                Texas Instruments Tiva C Series Device Support and Examples

<h2>Collection of Component include folders:</h2>
  C:\Users\gabri\AppData\Local\Arm\Packs\Keil\TM4C_DFP\1.1.0\Device\Include\TM4C129

<h2>Collection of Component Files used:</h2>
Build Time Elapsed:  00:00:00
</pre>
</body>
</html>
